// Jest Snapshot v1, https://goo.gl/fbAQLP

exports[`<FavouritesList /> renders 1`] = `ShallowWrapper {}`;
